PS C:\Users\kouch\OneDrive\Desktop\Samurai\Git\git_challenge> git init
Initialized empty Git repository in C:/Users/kouch/OneDrive/Desktop/Samurai/Git/git_challenge/.git/
PS C:\Users\kouch\OneDrive\Desktop\Samurai\Git\git_challenge> git add hello_world.txt
PS C:\Users\kouch\OneDrive\Desktop\Samurai\Git\git_challenge> git commit -m "hello_world.txtを追加"
[main (root-commit) 61be3e4] hello_world.txtを追加
 1 file changed, 1 insertion(+)
 create mode 100644 hello_world.txt
PS C:\Users\kouch\OneDrive\Desktop\Samurai\Git\git_challenge> git add hello_world.txt
PS C:\Users\kouch\OneDrive\Desktop\Samurai\Git\git_challenge> git commit -m "日本語訳を追記"       
[main e88f27f] 日本語訳を追記
 1 file changed, 2 insertions(+), 1 deletion(-)
PS C:\Users\kouch\OneDrive\Desktop\Samurai\Git\git_challenge> git log --oneline
e88f27f (HEAD -> main) 日本語訳を追記
61be3e4 hello_world.txtを追加
